This is pdfTeX, Version 3.141592653-2.6-1.40.27 (TeX Live 2025) (preloaded format=pdflatex 2026.2.27)  4 JUL 2026 00:49
entering extended mode
 restricted \write18 enabled.
 file:line:error style messages enabled.
 %&-line parsing enabled.
**/Users/ofir/Dropbox/Antigravity/NichMapR_ml_corr/microcl_ml_corr/inst/examples/scenarios_summary.tex
(/Users/ofir/Dropbox/Antigravity/NichMapR_ml_corr/microcl_ml_corr/inst/examples/scenarios_summary.tex
LaTeX2e <2024-11-01> patch level 2
L3 programming layer <2025-01-18>
(/usr/local/texlive/2025/texmf-dist/tex/latex/base/article.cls
Document Class: article 2024/06/29 v1.4n Standard LaTeX document class
(/usr/local/texlive/2025/texmf-dist/tex/latex/base/size10.clo
File: size10.clo 2024/06/29 v1.4n Standard LaTeX file (size option)
)
\c@part=\count196
\c@section=\count197
\c@subsection=\count198
\c@subsubsection=\count199
\c@paragraph=\count266
\c@subparagraph=\count267
\c@figure=\count268
\c@table=\count269
\abovecaptionskip=\skip49
\belowcaptionskip=\skip50
\bibindent=\dimen141
) (/usr/local/texlive/2025/texmf-dist/tex/latex/base/inputenc.sty
Package: inputenc 2024/02/08 v1.3d Input encoding file
\inpenc@prehook=\toks17
\inpenc@posthook=\toks18
) (/usr/local/texlive/2025/texmf-dist/tex/latex/graphics/graphicx.sty
Package: graphicx 2021/09/16 v1.2d Enhanced LaTeX Graphics (DPC,SPQR)
 (/usr/local/texlive/2025/texmf-dist/tex/latex/graphics/keyval.sty
Package: keyval 2022/05/29 v1.15 key=value parser (DPC)
\KV@toks@=\toks19
) (/usr/local/texlive/2025/texmf-dist/tex/latex/graphics/graphics.sty
Package: graphics 2024/08/06 v1.4g Standard LaTeX Graphics (DPC,SPQR)
 (/usr/local/texlive/2025/texmf-dist/tex/latex/graphics/trig.sty
Package: trig 2023/12/02 v1.11 sin cos tan (DPC)
) (/usr/local/texlive/2025/texmf-dist/tex/latex/graphics-cfg/graphics.cfg
File: graphics.cfg 2016/06/04 v1.11 sample graphics configuration
)
Package graphics Info: Driver file: pdftex.def on input line 106.
 (/usr/local/texlive/2025/texmf-dist/tex/latex/graphics-def/pdftex.def
File: pdftex.def 2024/04/13 v1.2c Graphics/color driver for pdftex
))
\Gin@req@height=\dimen142
\Gin@req@width=\dimen143
) (/usr/local/texlive/2025/texmf-dist/tex/latex/float/float.sty
Package: float 2001/11/08 v1.3d Float enhancements (AL)
\c@float@type=\count270
\float@exts=\toks20
\float@box=\box52
\@float@everytoks=\toks21
\@floatcapt=\box53
) (/usr/local/texlive/2025/texmf-dist/tex/latex/geometry/geometry.sty
Package: geometry 2020/01/02 v5.9 Page Geometry
 (/usr/local/texlive/2025/texmf-dist/tex/generic/iftex/ifvtex.sty
Package: ifvtex 2019/10/25 v1.7 ifvtex legacy package. Use iftex instead.
 (/usr/local/texlive/2025/texmf-dist/tex/generic/iftex/iftex.sty
Package: iftex 2024/12/12 v1.0g TeX engine tests
))
\Gm@cnth=\count271
\Gm@cntv=\count272
\c@Gm@tempcnt=\count273
\Gm@bindingoffset=\dimen144
\Gm@wd@mp=\dimen145
\Gm@odd@mp=\dimen146
\Gm@even@mp=\dimen147
\Gm@layoutwidth=\dimen148
\Gm@layoutheight=\dimen149
\Gm@layouthoffset=\dimen150
\Gm@layoutvoffset=\dimen151
\Gm@dimlist=\toks22
) (/usr/local/texlive/2025/texmf-dist/tex/latex/setspace/setspace.sty
Package: setspace 2022/12/04 v6.7b set line spacing
) (/usr/local/texlive/2025/texmf-dist/tex/latex/l3backend/l3backend-pdftex.def
File: l3backend-pdftex.def 2024-05-08 L3 backend support: PDF output (pdfTeX)
\l__color_backend_stack_int=\count274
\l__pdf_internal_box=\box54
) (./scenarios_summary.aux)
\openout1 = `scenarios_summary.aux'.

LaTeX Font Info:    Checking defaults for OML/cmm/m/it on input line 9.
LaTeX Font Info:    ... okay on input line 9.
LaTeX Font Info:    Checking defaults for OMS/cmsy/m/n on input line 9.
LaTeX Font Info:    ... okay on input line 9.
LaTeX Font Info:    Checking defaults for OT1/cmr/m/n on input line 9.
LaTeX Font Info:    ... okay on input line 9.
LaTeX Font Info:    Checking defaults for T1/cmr/m/n on input line 9.
LaTeX Font Info:    ... okay on input line 9.
LaTeX Font Info:    Checking defaults for TS1/cmr/m/n on input line 9.
LaTeX Font Info:    ... okay on input line 9.
LaTeX Font Info:    Checking defaults for OMX/cmex/m/n on input line 9.
LaTeX Font Info:    ... okay on input line 9.
LaTeX Font Info:    Checking defaults for U/cmr/m/n on input line 9.
LaTeX Font Info:    ... okay on input line 9.
 (/usr/local/texlive/2025/texmf-dist/tex/context/base/mkii/supp-pdf.mkii
[Loading MPS to PDF converter (version 2006.09.02).]
\scratchcounter=\count275
\scratchdimen=\dimen152
\scratchbox=\box55
\nofMPsegments=\count276
\nofMParguments=\count277
\everyMPshowfont=\toks23
\MPscratchCnt=\count278
\MPscratchDim=\dimen153
\MPnumerator=\count279
\makeMPintoPDFobject=\count280
\everyMPtoPDFconversion=\toks24
) (/usr/local/texlive/2025/texmf-dist/tex/latex/epstopdf-pkg/epstopdf-base.sty
Package: epstopdf-base 2020-01-24 v2.11 Base part for package epstopdf
Package epstopdf-base Info: Redefining graphics rule for `.eps' on input line 485.
 (/usr/local/texlive/2025/texmf-dist/tex/latex/latexconfig/epstopdf-sys.cfg
File: epstopdf-sys.cfg 2010/07/13 v1.3 Configuration of (r)epstopdf for TeX Live
))
*geometry* driver: auto-detecting
*geometry* detected driver: pdftex
*geometry* verbose mode - [ preamble ] result:
* driver: pdftex
* paper: a4paper
* layout: <same size as paper>
* layoutoffset:(h,v)=(0.0pt,0.0pt)
* modes: 
* h-part:(L,W,R)=(72.26999pt, 452.9679pt, 72.26999pt)
* v-part:(T,H,B)=(72.26999pt, 700.50687pt, 72.26999pt)
* \paperwidth=597.50787pt
* \paperheight=845.04684pt
* \textwidth=452.9679pt
* \textheight=700.50687pt
* \oddsidemargin=0.0pt
* \evensidemargin=0.0pt
* \topmargin=-37.0pt
* \headheight=12.0pt
* \headsep=25.0pt
* \topskip=10.0pt
* \footskip=30.0pt
* \marginparwidth=65.0pt
* \marginparsep=11.0pt
* \columnsep=10.0pt
* \skip\footins=9.0pt plus 4.0pt minus 2.0pt
* \hoffset=0.0pt
* \voffset=0.0pt
* \mag=1000
* \@twocolumnfalse
* \@twosidefalse
* \@mparswitchfalse
* \@reversemarginfalse
* (1in=72.27pt=25.4mm, 1cm=28.453pt)

LaTeX Font Info:    External font `cmex10' loaded for size
(Font)              <12> on input line 12.
LaTeX Font Info:    External font `cmex10' loaded for size
(Font)              <8> on input line 12.
LaTeX Font Info:    External font `cmex10' loaded for size
(Font)              <6> on input line 12.

LaTeX Warning: No \author given.

LaTeX Font Info:    External font `cmex10' loaded for size
(Font)              <7> on input line 22.
LaTeX Font Info:    External font `cmex10' loaded for size
(Font)              <5> on input line 22.

Overfull \hbox (136.61406pt too wide) in paragraph at lines 22--32
 [][] 
 []



[1

{/usr/local/texlive/2025/texmf-var/fonts/map/pdftex/updmap/pdftex.map}{/usr/local/texlive/2025/texmf-dist/fonts/enc/dvips/cm-super/cm-super-ts1.enc}]
<scenario_1_valley_single_logger/prediction_examples_valley.jpg, id=12, 4516.875pt x 1656.1875pt>
File: scenario_1_valley_single_logger/prediction_examples_valley.jpg Graphic file (type jpg)
<use scenario_1_valley_single_logger/prediction_examples_valley.jpg>
Package pdftex.def Info: scenario_1_valley_single_logger/prediction_examples_valley.jpg  used on input line 38.
(pdftex.def)             Requested size: 452.95456pt x 166.08333pt.


[2

 <./scenario_1_valley_single_logger/prediction_examples_valley.jpg>]
<scenario_1_valley_single_logger/residual_histogram_valley.jpg, id=16, 4516.875pt x 1656.1875pt>
File: scenario_1_valley_single_logger/residual_histogram_valley.jpg Graphic file (type jpg)
<use scenario_1_valley_single_logger/residual_histogram_valley.jpg>
Package pdftex.def Info: scenario_1_valley_single_logger/residual_histogram_valley.jpg  used on input line 45.
(pdftex.def)             Requested size: 452.95456pt x 166.08333pt.


[3

 <./scenario_1_valley_single_logger/residual_histogram_valley.jpg>]

[4

]
<scenario_2_beach_single_logger/prediction_examples_beach.jpg, id=23, 1505.625pt x 1656.1875pt>
File: scenario_2_beach_single_logger/prediction_examples_beach.jpg Graphic file (type jpg)
<use scenario_2_beach_single_logger/prediction_examples_beach.jpg>
Package pdftex.def Info: scenario_2_beach_single_logger/prediction_examples_beach.jpg  used on input line 73.
(pdftex.def)             Requested size: 452.95456pt x 498.25002pt.


[5

 <./scenario_2_beach_single_logger/prediction_examples_beach.jpg>]
<scenario_2_beach_single_logger/residual_histogram_beach.jpg, id=27, 1505.625pt x 1656.1875pt>
File: scenario_2_beach_single_logger/residual_histogram_beach.jpg Graphic file (type jpg)
<use scenario_2_beach_single_logger/residual_histogram_beach.jpg>
Package pdftex.def Info: scenario_2_beach_single_logger/residual_histogram_beach.jpg  used on input line 80.
(pdftex.def)             Requested size: 452.95456pt x 498.25002pt.


[6

 <./scenario_2_beach_single_logger/residual_histogram_beach.jpg>]
Overfull \hbox (136.61406pt too wide) in paragraph at lines 94--103
 [][] 
 []



[7

]
<scenario_3_desert_single_logger/prediction_examples_desert.jpg, id=35, 3613.5pt x 1505.625pt>
File: scenario_3_desert_single_logger/prediction_examples_desert.jpg Graphic file (type jpg)
<use scenario_3_desert_single_logger/prediction_examples_desert.jpg>
Package pdftex.def Info: scenario_3_desert_single_logger/prediction_examples_desert.jpg  used on input line 109.
(pdftex.def)             Requested size: 452.95456pt x 188.73106pt.


[8

 <./scenario_3_desert_single_logger/prediction_examples_desert.jpg>]
<scenario_3_desert_single_logger/residual_histogram_desert.jpg, id=39, 3613.5pt x 1656.1875pt>
File: scenario_3_desert_single_logger/residual_histogram_desert.jpg Graphic file (type jpg)
<use scenario_3_desert_single_logger/residual_histogram_desert.jpg>
Package pdftex.def Info: scenario_3_desert_single_logger/residual_histogram_desert.jpg  used on input line 116.
(pdftex.def)             Requested size: 452.95456pt x 207.60417pt.


[9

 <./scenario_3_desert_single_logger/residual_histogram_desert.jpg>]

[10

]
<scenario_4_beach_pooled/prediction_examples_beach_pooled.jpg, id=46, 4516.875pt x 6624.75pt>
File: scenario_4_beach_pooled/prediction_examples_beach_pooled.jpg Graphic file (type jpg)
<use scenario_4_beach_pooled/prediction_examples_beach_pooled.jpg>
Package pdftex.def Info: scenario_4_beach_pooled/prediction_examples_beach_pooled.jpg  used on input line 149.
(pdftex.def)             Requested size: 405.94984pt x 595.3931pt.


[11

]
Overfull \vbox (2.83067pt too high) has occurred while \output is active []



[12 <./scenario_4_beach_pooled/prediction_examples_beach_pooled.jpg>]
<scenario_4_beach_pooled/residual_histogram_beach_pooled.jpg, id=53, 3011.25pt x 6624.75pt>
File: scenario_4_beach_pooled/residual_histogram_beach_pooled.jpg Graphic file (type jpg)
<use scenario_4_beach_pooled/residual_histogram_beach_pooled.jpg>
Package pdftex.def Info: scenario_4_beach_pooled/residual_histogram_beach_pooled.jpg  used on input line 156.
(pdftex.def)             Requested size: 270.63322pt x 595.3931pt.


[13

]
Overfull \vbox (2.83067pt too high) has occurred while \output is active []



[14 <./scenario_4_beach_pooled/residual_histogram_beach_pooled.jpg>]

[15

]
<scenario_5_beach_specialized/prediction_examples_beach_specialized.jpg, id=64, 4516.875pt x 6624.75pt>
File: scenario_5_beach_specialized/prediction_examples_beach_specialized.jpg Graphic file (type jpg)
<use scenario_5_beach_specialized/prediction_examples_beach_specialized.jpg>
Package pdftex.def Info: scenario_5_beach_specialized/prediction_examples_beach_specialized.jpg  used on input line 173.
(pdftex.def)             Requested size: 405.94984pt x 595.3931pt.


[16

]
Overfull \vbox (14.83067pt too high) has occurred while \output is active []



[17 <./scenario_5_beach_specialized/prediction_examples_beach_specialized.jpg>]
<scenario_5_beach_specialized/residual_histogram_beach_specialized.jpg, id=71, 3011.25pt x 6624.75pt>
File: scenario_5_beach_specialized/residual_histogram_beach_specialized.jpg Graphic file (type jpg)
<use scenario_5_beach_specialized/residual_histogram_beach_specialized.jpg>
Package pdftex.def Info: scenario_5_beach_specialized/residual_histogram_beach_specialized.jpg  used on input line 180.
(pdftex.def)             Requested size: 270.63322pt x 595.3931pt.


[18

]
Overfull \vbox (12.88623pt too high) has occurred while \output is active []



[19 <./scenario_5_beach_specialized/residual_histogram_beach_specialized.jpg>]

[20

]
<scenario_6_desert_pooled/prediction_examples_desert_pooled.jpg, id=82, 4516.875pt x 4968.5625pt>
File: scenario_6_desert_pooled/prediction_examples_desert_pooled.jpg Graphic file (type jpg)
<use scenario_6_desert_pooled/prediction_examples_desert_pooled.jpg>
Package pdftex.def Info: scenario_6_desert_pooled/prediction_examples_desert_pooled.jpg  used on input line 213.
(pdftex.def)             Requested size: 452.95456pt x 498.25002pt.


[21

 <./scenario_6_desert_pooled/prediction_examples_desert_pooled.jpg>]
<scenario_6_desert_pooled/residual_histogram_desert_pooled.jpg, id=86, 4215.75pt x 4968.5625pt>
File: scenario_6_desert_pooled/residual_histogram_desert_pooled.jpg Graphic file (type jpg)
<use scenario_6_desert_pooled/residual_histogram_desert_pooled.jpg>
Package pdftex.def Info: scenario_6_desert_pooled/residual_histogram_desert_pooled.jpg  used on input line 220.
(pdftex.def)             Requested size: 452.92699pt x 533.80681pt.


[22

 <./scenario_6_desert_pooled/residual_histogram_desert_pooled.jpg>]

[23

]
<scenario_7_desert_specialized/prediction_examples_desert_specialized.jpg, id=93, 4516.875pt x 4968.5625pt>
File: scenario_7_desert_specialized/prediction_examples_desert_specialized.jpg Graphic file (type jpg)
<use scenario_7_desert_specialized/prediction_examples_desert_specialized.jpg>
Package pdftex.def Info: scenario_7_desert_specialized/prediction_examples_desert_specialized.jpg  used on input line 237.
(pdftex.def)             Requested size: 452.95456pt x 498.25002pt.


[24

 <./scenario_7_desert_specialized/prediction_examples_desert_specialized.jpg>]
<scenario_7_desert_specialized/residual_histogram_desert_specialized.jpg, id=97, 4215.75pt x 4968.5625pt>
File: scenario_7_desert_specialized/residual_histogram_desert_specialized.jpg Graphic file (type jpg)
<use scenario_7_desert_specialized/residual_histogram_desert_specialized.jpg>
Package pdftex.def Info: scenario_7_desert_specialized/residual_histogram_desert_specialized.jpg  used on input line 244.
(pdftex.def)             Requested size: 452.92699pt x 533.80681pt.


[25

 <./scenario_7_desert_specialized/residual_histogram_desert_specialized.jpg>]

[26

]
<scenario_8_zero_shot_transfer/prediction_examples_zero_shot.jpg, id=105, 4516.875pt x 1656.1875pt>
File: scenario_8_zero_shot_transfer/prediction_examples_zero_shot.jpg Graphic file (type jpg)
<use scenario_8_zero_shot_transfer/prediction_examples_zero_shot.jpg>
Package pdftex.def Info: scenario_8_zero_shot_transfer/prediction_examples_zero_shot.jpg  used on input line 263.
(pdftex.def)             Requested size: 452.95456pt x 166.08333pt.


[27

 <./scenario_8_zero_shot_transfer/prediction_examples_zero_shot.jpg>]
<scenario_8_zero_shot_transfer/residual_histogram_zero_shot.jpg, id=109, 4516.875pt x 1656.1875pt>
File: scenario_8_zero_shot_transfer/residual_histogram_zero_shot.jpg Graphic file (type jpg)
<use scenario_8_zero_shot_transfer/residual_histogram_zero_shot.jpg>
Package pdftex.def Info: scenario_8_zero_shot_transfer/residual_histogram_zero_shot.jpg  used on input line 270.
(pdftex.def)             Requested size: 452.95456pt x 166.08333pt.


[28

 <./scenario_8_zero_shot_transfer/residual_histogram_zero_shot.jpg>] (./scenarios_summary.aux)
 ***********
LaTeX2e <2024-11-01> patch level 2
L3 programming layer <2025-01-18>
 ***********
 ) 
Here is how much of TeX's memory you used:
 2135 strings out of 473190
 40959 string characters out of 5715800
 430844 words of memory out of 5000000
 25400 multiletter control sequences out of 15000+600000
 563120 words of font info for 50 fonts, out of 8000000 for 9000
 1141 hyphenation exceptions out of 8191
 57i,10n,65p,1070b,237s stack positions out of 10000i,1000n,20000p,200000b,200000s
</usr/local/texlive/2025/texmf-dist/fonts/type1/public/amsfonts/cm/cmbx10.pfb></usr/local/texlive/2025/texmf-dist/fonts/type1/public/amsfonts/cm/cmbx12.pfb></usr/local/texlive/2025/texmf-dist/fonts/type1/public/amsfonts/cm/cmr10.pfb></usr/local/texlive/2025/texmf-dist/fonts/type1/public/amsfonts/cm/cmr12.pfb></usr/local/texlive/2025/texmf-dist/fonts/type1/public/amsfonts/cm/cmr17.pfb></usr/local/texlive/2025/texmf-dist/fonts/type1/public/cm-super/sfrm1000.pfb>
Output written on scenarios_summary.pdf (28 pages, 28358906 bytes).
PDF statistics:
 141 PDF objects out of 1000 (max. 8388607)
 82 compressed objects within 1 object stream
 0 named destinations out of 1000 (max. 500000)
 81 words of extra memory for PDF output out of 10000 (max. 10000000)

